-
    - [-0.54858381736383, 73.641765468273]
    - [-2.4744022772882, 73.641765468273]
    - [-2.4744022772882, 73.000876472472]
    - [-0.54858381736383, 73.000876472472]
    - [-0.54858381736383, 73.641765468273]
-
    - [-1.4501953125, 75.112577833858]
    - [-1.91162109375, 75.403317853803]
    - [-3.2958984375, 75.491653728144]
    - [-3.80126953125, 75.336720862327]
    - [-5.5810546875, 74.95939165895]
    - [-7.31689453125, 74.625100963871]
    - [-5.51513671875, 74.152089097897]
    - [-4.19677734375, 74.862152203052]
    - [-2.373046875, 74.555037344495]
    - [-1.4501953125, 75.112577833858]
