-
    - [-4.4848178844654, 73.695267710078]
    - [-5.3622215713317, 73.2179588503]
    - [-2.8553186624194, 73.168281147595]
    - [-4.4848178844654, 73.695267710078]
-
    - [0.17777052095988, 72.685807193965]
    - [-2.8289782081521, 72.491347688131]
    - [-2.8252705187417, 73.15856345781]
    - [-2.8443204538139, 73.164724282966]
    - [-4.9871148626004, 72.82857818715]
    - [-2.8293510018317, 72.513338023997]
    - [-6.150127839526, 72.668040751562]
    - [-6.2424917410459, 73.411166821794]
    - [-4.4983537587168, 73.699645265922]
    - [-4.6450675140208, 73.747093080889]
    - [-1.44124153757, 73.898322179095]
    - [0.17777052095988, 72.685807193965]
