-
    - [-5.38330078125, 74.613445270057]
    - [-6.5396028340834, 74.774792989124]
    - [-7.31689453125, 74.625100963871]
    - [-5.51513671875, 74.152089097897]
    - [-4.5275307386443, 74.684009742754]
    - [-5.38330078125, 74.613445270057]
-
    - [-1.91162109375, 75.403317853803]
    - [-3.1104029643672, 75.479816573632]
    - [-2.83447265625, 75.264238752242]
    - [-3.27392578125, 74.78737860166]
    - [-3.5953601631731, 74.760873995822]
    - [-2.373046875, 74.555037344495]
    - [-1.4501953125, 75.112577833858]
    - [-1.91162109375, 75.403317853803]
