-
    - [-4.4673421071452, 73.704774557919]
    - [-4.4848178844654, 73.695267710078]
    - [-4.4983537587168, 73.699645265922]
    - [-4.4673421071452, 73.704774557919]
-
    - [-2.8254233093714, 73.167688730372]
    - [-2.8443204538139, 73.164724282966]
    - [-2.8553186624194, 73.168281147595]
    - [-2.8254233093714, 73.167688730372]
