-
    - [-3.1104029643672, 75.479816573632]
    - [-3.2958984375, 75.491653728144]
    - [-3.80126953125, 75.336720862327]
    - [-5.5810546875, 74.95939165895]
    - [-6.5396028340834, 74.774792989124]
    - [-5.38330078125, 74.613445270057]
    - [-4.5275307386443, 74.684009742754]
    - [-4.19677734375, 74.862152203052]
    - [-3.5953601631731, 74.760873995822]
    - [-3.27392578125, 74.78737860166]
    - [-2.83447265625, 75.264238752242]
    - [-3.1104029643672, 75.479816573632]
