-
    - [-0.54858381736383, 73.641765468273]
    - [-2.4744022772882, 73.641765468273]
    - [-2.4744022772882, 73.000876472472]
    - [-0.54858381736383, 73.000876472472]
    - [-0.54858381736383, 73.641765468273]
