-
    - [-1.91162109375, 75.403317853803]
    - [-3.2958984375, 75.491653728144]
    - [-3.80126953125, 75.336720862327]
    - [-4.3781581548982, 75.214415693057]
    - [-4.804900017755, 75.333294933439]
    - [-5.3889725074454, 75.075582466567]
    - [-5.2086384967659, 75.038346977844]
    - [-5.5810546875, 74.95939165895]
    - [-5.707487029195, 74.935043124989]
    - [-5.3889725074454, 75.075582466567]
    - [-6.2196121716879, 75.247093507297]
    - [-6.3939666277955, 74.802839832733]
    - [-7.31689453125, 74.625100963871]
    - [-5.51513671875, 74.152089097897]
    - [-4.240712420613, 74.838488945754]
    - [-3.2061978936439, 74.624881685218]
    - [-3.2047714953723, 74.695099153803]
    - [-2.373046875, 74.555037344495]
    - [-1.4501953125, 75.112577833858]
    - [-1.91162109375, 75.403317853803]
