-
    - [-4.4131421817925, 74.766011374956]
    - [-4.3939792383295, 75.303311010686]
    - [-4.866943359375, 75.303311010686]
    - [-4.8779296875, 74.767185705833]
    - [-4.4131421817925, 74.766011374956]
    - [-4.424482645139, 74.448042121598]
    - [-3.75732421875, 74.449357500634]
    - [-3.7353515625, 74.764298870977]
    - [-4.4131421817925, 74.766011374956]
-
    - [-4.383544921875, 75.595873290634]
    - [-4.386085311755, 75.524644642501]
    - [-4.1748046875, 75.524644642501]
    - [-3.84521484375, 75.524644642501]
    - [-3.84521484375, 75.303311010686]
    - [-4.3939792383295, 75.303311010686]
    - [-4.386085311755, 75.524644642501]
    - [-6.70166015625, 75.524644642501]
    - [-6.74560546875, 74.443465762845]
    - [-4.424482645139, 74.448042121598]
    - [-4.427490234375, 74.36371391784]
    - [-2.6806640625, 74.366674786724]
    - [-2.65869140625, 75.598605991988]
    - [-4.383544921875, 75.595873290634]
