-
    - [25.373511010531, 67.018926415854]
    - [23.043216691465, 65.087494737653]
    - [25.524365571917, 64.743389267539]
    - [25.373511010531, 67.018926415854]
