-
    - [-6.2196121716879, 75.247093507297]
    - [-6.3939666277955, 74.802839832733]
    - [-5.707487029195, 74.935043124989]
    - [-5.3889725074454, 75.075582466567]
    - [-6.2196121716879, 75.247093507297]
-
    - [-4.3781581548982, 75.214415693057]
    - [-5.2086384967659, 75.038346977844]
    - [-5.3889725074454, 75.075582466567]
    - [-4.804900017755, 75.333294933439]
    - [-4.3781581548982, 75.214415693057]
-
    - [-4.19677734375, 74.862152203052]
    - [-4.240712420613, 74.838488945754]
    - [-3.2061978936439, 74.624881685218]
    - [-3.2047714953723, 74.695099153803]
    - [-4.19677734375, 74.862152203052]
