-
    - [-6.3939666277955, 74.802839832733]
    - [-6.4749890601957, 74.596395362546]
    - [-5.707487029195, 74.935043124989]
    - [-6.3939666277955, 74.802839832733]
-
    - [-4.3781581548982, 75.214415693057]
    - [-5.2086384967659, 75.038346977844]
    - [-4.240712420613, 74.838488945754]
    - [-4.19677734375, 74.862152203052]
    - [-3.2047714953723, 74.695099153803]
    - [-3.2008842373386, 74.886457643422]
    - [-4.3781581548982, 75.214415693057]
-
    - [-3.1944331496941, 75.204026062441]
    - [-3.2008842373386, 74.886457643422]
    - [-2.5689114587661, 74.710406380592]
    - [-3.1944331496941, 75.204026062441]
