-
    - [-6.70166015625, 75.524644642501]
    - [-6.74560546875, 74.443465762845]
    - [-4.424482645139, 74.448042121598]
    - [-4.4131421817925, 74.766011374956]
    - [-4.8779296875, 74.767185705833]
    - [-4.866943359375, 75.303311010686]
    - [-4.3939792383295, 75.303311010686]
    - [-4.386085311755, 75.524644642501]
    - [-6.70166015625, 75.524644642501]
