-
    - [-4.1748046875, 75.524644642501]
    - [-4.386085311755, 75.524644642501]
    - [-4.3939792383295, 75.303311010686]
    - [-3.84521484375, 75.303311010686]
    - [-3.84521484375, 75.524644642501]
    - [-4.1748046875, 75.524644642501]
-
    - [-4.4131421817925, 74.766011374956]
    - [-4.424482645139, 74.448042121598]
    - [-3.75732421875, 74.449357500634]
    - [-3.7353515625, 74.764298870977]
    - [-4.4131421817925, 74.766011374956]
